---
source: src/monkey/interpreter/mod.rs
expression: result
---
Ok(Int(10))
Ok(Int(152))
Ok(Int(-5))
Ok(Int(-1523))
Ok(Bool(true))
Ok(Bool(false))
Ok(Bool(false))
Ok(Bool(true))
Ok(Bool(false))
Ok(Bool(true))
Ok(Bool(false))
Ok(Bool(true))
Ok(Bool(true))
Ok(Bool(true))
Ok(Bool(false))
Ok(Int(10))
Ok(Int(32))
Ok(Int(0))
Ok(Int(20))
Ok(Int(25))
Ok(Int(0))
Ok(Int(60))
Ok(Int(30))
Ok(Int(37))
Ok(Int(37))
Ok(Int(50))
Ok(Bool(true))
Ok(Bool(false))
Ok(Bool(false))
Ok(Bool(false))
Ok(Bool(true))
Ok(Bool(false))
Ok(Bool(false))
Ok(Bool(true))
Ok(Int(10))
Ok(Null)
Ok(Int(10))
Ok(Int(10))
Ok(Null)
Ok(Int(20))
Ok(Int(10))
Ok(Int(10))
Ok(Int(10))
Ok(Int(10))
Ok(Int(10))
Ok(Int(10))
Ok(Error("Expected number, got Int(5) and Bool(true)"))
Ok(Error("Unexpected value type: Bool(true)"))
Ok(Error("Expected number, got Bool(true) and Bool(false)"))
Ok(Error("Expected number, got Bool(true) and Bool(false)"))
Ok(Int(5))
Ok(Bool(false))
Ok(Bool(true))
Ok(Bool(true))
Ok(Error("identifier not found: Identifier(\"y\")"))
Ok(Int(300))

